2026-06-22 21:07:53.519 [error] Canceled: Canceled
    at SCe.value (vscode-file://vscode-app/usr/lib/code/out/vs/workbench/workbench.desktop.main.js:434:72411)
    at _._deliver (vscode-file://vscode-app/usr/lib/code/out/vs/workbench/workbench.desktop.main.js:433:3268)
    at _._deliverQueue (vscode-file://vscode-app/usr/lib/code/out/vs/workbench/workbench.desktop.main.js:433:3357)
    at _.fire (vscode-file://vscode-app/usr/lib/code/out/vs/workbench/workbench.desktop.main.js:433:3692)
    at LCe.cancel (vscode-file://vscode-app/usr/lib/code/out/vs/workbench/workbench.desktop.main.js:433:31007)
    at $e.cancel (vscode-file://vscode-app/usr/lib/code/out/vs/workbench/workbench.desktop.main.js:433:31548)
    at Pge.triggerRefresh (vscode-file://vscode-app/usr/lib/code/out/vs/workbench/workbench.desktop.main.js:1114:16824)
    at SCe.value (vscode-file://vscode-app/usr/lib/code/out/vs/workbench/workbench.desktop.main.js:1114:14656)
    at _._deliver (vscode-file://vscode-app/usr/lib/code/out/vs/workbench/workbench.desktop.main.js:433:3268)
    at _.fire (vscode-file://vscode-app/usr/lib/code/out/vs/workbench/workbench.desktop.main.js:433:3587)
    at SCe.value (vscode-file://vscode-app/usr/lib/code/out/vs/workbench/workbench.desktop.main.js:1019:62444)
    at _._deliver (vscode-file://vscode-app/usr/lib/code/out/vs/workbench/workbench.desktop.main.js:433:3268)
    at _._deliverQueue (vscode-file://vscode-app/usr/lib/code/out/vs/workbench/workbench.desktop.main.js:433:3357)
    at _.fire (vscode-file://vscode-app/usr/lib/code/out/vs/workbench/workbench.desktop.main.js:433:3692)
    at vscode-file://vscode-app/usr/lib/code/out/vs/workbench/workbench.desktop.main.js:1019:57285
    at vscode-file://vscode-app/usr/lib/code/out/vs/workbench/workbench.desktop.main.js:434:74946 Failed to load custom agents
2026-06-22 21:07:53.550 [info] Started local extension host with pid 3535.
2026-06-22 21:07:54.149 [info] Started initializing default profile extensions in extensions installation folder. file:///home/vArch/.vscode-oss/extensions
2026-06-22 21:07:55.010 [info] Completed initializing default profile extensions in extensions installation folder. file:///home/vArch/.vscode-oss/extensions
2026-06-22 21:07:55.126 [info] [AccountPolicyGate] apply: state=inactive, reason=undefined, isRestricted=false
2026-06-22 21:07:58.439 [info] [perf] Render performance baseline is 22ms
2026-06-22 21:08:00.568 [info] [AccountPolicyGate] apply: state=inactive, reason=undefined, isRestricted=false
