00:00:00.360853 VirtualBox GUI VM Selector Window 7.2.10 r174163 linux.amd64 (Jun 17 2026 14:43:44) release log
00:00:00.360854 Log opened 2026-06-22T21:31:28.159339000Z
00:00:00.360855 Build Type: release
00:00:00.360856 OS Product: Linux
00:00:00.360857 OS Release: 7.0.12-arch1-1
00:00:00.360857 OS Version: #1 SMP PREEMPT_DYNAMIC Wed, 10 Jun 2026 08:58:02 +0000
00:00:00.360877 DMI Product Name: VirtualBox
00:00:00.360882 DMI Product Version: 1.2
00:00:00.360885 Firmware type: UEFI
00:00:00.361038 Secure Boot: Disabled
00:00:00.361062 Host RAM: 7914MB (7.7GB) total, 6380MB (6.2GB) available
00:00:00.361064 Executable: /usr/lib/virtualbox/VirtualBox
00:00:00.361064 Process ID: 2467
00:00:00.361064 Package type: LINUX_64BITS_GENERIC (OSE)
00:00:00.361088 Qt version: 6.11.1
00:00:00.361688 GUI: UIMediumEnumerator: Initial medium-enumeration finished!
00:00:00.384017 GUI: UIMediumEnumerator: Medium-enumeration started...
00:00:00.844123 GUI: UIDesktopWidgetWatchdog::sltHandleHostScreenAvailableGeometryCalculated: Screen 0 work area is actually resized to: 0x44 x 1280x756
00:00:00.847218 GUI: UIMediumEnumerator: Medium-enumeration finished!
00:00:14.884523 GUI: UICommon: Handling aboutToQuit request..
00:00:15.984639 GUI: UICommon: aboutToQuit request handled!
