00:00:00.000124 main     VirtualBox XPCOM Server 7.2.10 r174163 linux.amd64 (Jun 17 2026 14:43:44) release log
00:00:00.000126 main     Log opened 2026-06-22T21:31:27.955704000Z
00:00:00.000126 main     Build Type: release
00:00:00.000127 main     OS Product: Linux
00:00:00.000128 main     OS Release: 7.0.12-arch1-1
00:00:00.000128 main     OS Version: #1 SMP PREEMPT_DYNAMIC Wed, 10 Jun 2026 08:58:02 +0000
00:00:00.000145 main     DMI Product Name: VirtualBox
00:00:00.000149 main     DMI Product Version: 1.2
00:00:00.000152 main     Firmware type: UEFI
00:00:00.000583 main     Secure Boot: Disabled
00:00:00.000609 main     Host RAM: 7914MB (7.7GB) total, 6385MB (6.2GB) available
00:00:00.000610 main     Executable: /usr/lib/virtualbox/VBoxSVC
00:00:00.000611 main     Process ID: 2484
00:00:00.000611 main     Package type: LINUX_64BITS_GENERIC (OSE)
00:00:00.006822 main     IPC socket path: /tmp/.vbox-vArch-ipc/ipcd
00:00:00.013492 DCon01   VirtualBox: object creation starts
00:00:00.014216 DCon01   Home directory: '/home/vArch/.config/VirtualBox'
00:00:00.019441 DCon01   Failed to retrive disk info: getDiskName(/dev/mapper/cryptroot) --> cryptroot
00:00:00.021952 DCon01   HostDnsMonitor: initializing
00:00:00.022176 DCon01   NAT: resolv.conf: nameserver 172.20.10.1
00:00:00.022183 DCon01   NAT: resolv.conf: nameserver 0.20.10.1
00:00:00.022187 DCon01   NAT: resolv.conf: nameserver fd17:625c:f037:2::3
00:00:00.022207 DCon01   HostDnsMonitor: updating information
00:00:00.022236 DCon01   HostDnsMonitor: old information
00:00:00.022240 DCon01     no server entries
00:00:00.022242 DCon01     no domain set
00:00:00.022243 DCon01     no search string entries
00:00:00.022245 DCon01   HostDnsMonitor: new information
00:00:00.022246 DCon01     server 1: 172.20.10.1
00:00:00.022248 DCon01     server 2: 0.20.10.1
00:00:00.022250 DCon01     server 3: fd17:625c:f037:2::3
00:00:00.022251 DCon01     no domain set
00:00:00.022253 DCon01     no search string entries
00:00:00.024781 DCon01   VD: VDInit finished with VINF_SUCCESS
00:00:00.024896 DCon01   ERROR [COM]: aRC=NS_ERROR_FAILURE (0x80004005) aIID={925084b0-625f-422f-a67d-0ede1880a56c} aComponent={SystemPropertiesWrap} aText={Cannot determine default Guest Additions ISO location. Most likely they are not available}, preserve=false aResultDetail=0
00:00:00.027297 DCon01   VirtualBox: object created
00:00:00.692854 DCon03   WARNING [COM]: aRC=NS_ERROR_FAILURE (0x80004005) aIID={d5dcece0-b202-4416-a138-03502784cc07} aComponent={HostWrap} aText={VirtualBox is not currently allowed to access USB devices.  You can change this by adding your user to the 'vboxusers' group.  Please see the user manual for a more detailed explanation}, preserve=false aResultDetail=0
00:00:01.050818 DCon03   Saving settings file "/home/vArch/.config/VirtualBox/VirtualBox.xml" with version "1.12-linux"
00:00:01.077783 DCon03   Finished saving settings file "/home/vArch/.config/VirtualBox/VirtualBox.xml"
00:00:14.731883 DCon01   Saving settings file "/home/vArch/.config/VirtualBox/VirtualBox.xml" with version "1.12-linux"
00:00:14.752657 DCon01   Finished saving settings file "/home/vArch/.config/VirtualBox/VirtualBox.xml"
00:00:20.839136 main     VirtualBox: object deletion starts
00:00:20.839854 main     HostDnsMonitor: shutting down ...
00:00:20.840511 main     HostDnsMonitor: shut down
00:00:20.859812 Watcher  ERROR [COM]: aRC=E_ACCESSDENIED (0x80070005) aIID={2ce10519-3c09-45d8-a12d-e887786146b7} aComponent={VirtualBoxWrap} aText={The object is not ready}, preserve=false aResultDetail=0
00:00:20.859944 main     VirtualBox: object deleted
